src/pages/immobilier/LocataireDetailPage.tsx(2,58): error TS2307: Cannot find module '@/hooks/useLocataires' or its corresponding type declarations.
src/pages/immobilier/LocataireDetailPage.tsx(3,24): error TS2307: Cannot find module '@/components/layout/Header' or its corresponding type declarations.
src/pages/immobilier/LocataireDetailPage.tsx(4,24): error TS2307: Cannot find module '@/components/ui/button' or its corresponding type declarations.
src/pages/immobilier/LocataireDetailPage.tsx(5,58): error TS2307: Cannot find module '@/components/ui/card' or its corresponding type declarations.
src/pages/immobilier/LocataireDetailPage.tsx(6,23): error TS2307: Cannot find module '@/components/ui/badge' or its corresponding type declarations.
src/pages/immobilier/LocataireDetailPage.tsx(7,27): error TS2307: Cannot find module '@/components/ui/separator' or its corresponding type declarations.
src/pages/immobilier/LocataireDetailPage.tsx(8,58): error TS2307: Cannot find module '@/components/ui/tabs' or its corresponding type declarations.
src/pages/immobilier/LocataireDetailPage.tsx(15,37): error TS2307: Cannot find module '@/components/immobilier/locataires/PaiementsHistoryTab' or its corresponding type declarations.
src/pages/immobilier/LocataireDetailPage.tsx(16,34): error TS2307: Cannot find module '@/components/immobilier/locataires/DocumentsManager' or its corresponding type declarations.
src/pages/immobilier/LocataireDetailPage.tsx(17,32): error TS2307: Cannot find module '@/lib/utils' or its corresponding type declarations.
src/pages/immobilier/LocataireDetailPage.tsx(19,37): error TS2307: Cannot find module '@/components/immobilier/LocataireDialogs' or its corresponding type declarations.
src/pages/immobilier/LocataireDetailPage.tsx(46,13): error TS17004: Cannot use JSX unless the '--jsx' flag is provided.
src/pages/immobilier/LocataireDetailPage.tsx(47,17): error TS17004: Cannot use JSX unless the '--jsx' flag is provided.
src/pages/immobilier/LocataireDetailPage.tsx(54,13): error TS17004: Cannot use JSX unless the '--jsx' flag is provided.
src/pages/immobilier/LocataireDetailPage.tsx(55,17): error TS17004: Cannot use JSX unless the '--jsx' flag is provided.
src/pages/immobilier/LocataireDetailPage.tsx(56,21): error TS17004: Cannot use JSX unless the '--jsx' flag is provided.
src/pages/immobilier/LocataireDetailPage.tsx(57,21): error TS17004: Cannot use JSX unless the '--jsx' flag is provided.
src/pages/immobilier/LocataireDetailPage.tsx(77,9): error TS17004: Cannot use JSX unless the '--jsx' flag is provided.
src/pages/immobilier/LocataireDetailPage.tsx(79,13): error TS17004: Cannot use JSX unless the '--jsx' flag is provided.
src/pages/immobilier/LocataireDetailPage.tsx(81,21): error TS17004: Cannot use JSX unless the '--jsx' flag is provided.
src/pages/immobilier/LocataireDetailPage.tsx(82,25): error TS17004: Cannot use JSX unless the '--jsx' flag is provided.
src/pages/immobilier/LocataireDetailPage.tsx(83,29): error TS17004: Cannot use JSX unless the '--jsx' flag is provided.
src/pages/immobilier/LocataireDetailPage.tsx(85,25): error TS17004: Cannot use JSX unless the '--jsx' flag is provided.
src/pages/immobilier/LocataireDetailPage.tsx(86,29): error TS17004: Cannot use JSX unless the '--jsx' flag is provided.
src/pages/immobilier/LocataireDetailPage.tsx(87,33): error TS17004: Cannot use JSX unless the '--jsx' flag is provided.
src/pages/immobilier/LocataireDetailPage.tsx(89,29): error TS17004: Cannot use JSX unless the '--jsx' flag is provided.
src/pages/immobilier/LocataireDetailPage.tsx(90,33): error TS17004: Cannot use JSX unless the '--jsx' flag is provided.
src/pages/immobilier/LocataireDetailPage.tsx(91,37): error TS17004: Cannot use JSX unless the '--jsx' flag is provided.
src/pages/immobilier/LocataireDetailPage.tsx(92,37): error TS17004: Cannot use JSX unless the '--jsx' flag is provided.
src/pages/immobilier/LocataireDetailPage.tsx(97,37): error TS17004: Cannot use JSX unless the '--jsx' flag is provided.
src/pages/immobilier/LocataireDetailPage.tsx(107,21): error TS17004: Cannot use JSX unless the '--jsx' flag is provided.
src/pages/immobilier/LocataireDetailPage.tsx(108,25): error TS17004: Cannot use JSX unless the '--jsx' flag is provided.
src/pages/immobilier/LocataireDetailPage.tsx(109,29): error TS17004: Cannot use JSX unless the '--jsx' flag is provided.
src/pages/immobilier/LocataireDetailPage.tsx(112,25): error TS17004: Cannot use JSX unless the '--jsx' flag is provided.
src/pages/immobilier/LocataireDetailPage.tsx(113,29): error TS17004: Cannot use JSX unless the '--jsx' flag is provided.
src/pages/immobilier/LocataireDetailPage.tsx(120,13): error TS17004: Cannot use JSX unless the '--jsx' flag is provided.
src/pages/immobilier/LocataireDetailPage.tsx(123,17): error TS17004: Cannot use JSX unless the '--jsx' flag is provided.
src/pages/immobilier/LocataireDetailPage.tsx(126,21): error TS17004: Cannot use JSX unless the '--jsx' flag is provided.
src/pages/immobilier/LocataireDetailPage.tsx(127,25): error TS17004: Cannot use JSX unless the '--jsx' flag is provided.
src/pages/immobilier/LocataireDetailPage.tsx(128,29): error TS17004: Cannot use JSX unless the '--jsx' flag is provided.
src/pages/immobilier/LocataireDetailPage.tsx(129,33): error TS17004: Cannot use JSX unless the '--jsx' flag is provided.
src/pages/immobilier/LocataireDetailPage.tsx(130,33): error TS17004: Cannot use JSX unless the '--jsx' flag is provided.
src/pages/immobilier/LocataireDetailPage.tsx(133,29): error TS17004: Cannot use JSX unless the '--jsx' flag is provided.
src/pages/immobilier/LocataireDetailPage.tsx(134,33): error TS17004: Cannot use JSX unless the '--jsx' flag is provided.
src/pages/immobilier/LocataireDetailPage.tsx(135,37): error TS17004: Cannot use JSX unless the '--jsx' flag is provided.
src/pages/immobilier/LocataireDetailPage.tsx(136,41): error TS17004: Cannot use JSX unless the '--jsx' flag is provided.
src/pages/immobilier/LocataireDetailPage.tsx(137,41): error TS17004: Cannot use JSX unless the '--jsx' flag is provided.
src/pages/immobilier/LocataireDetailPage.tsx(139,37): error TS17004: Cannot use JSX unless the '--jsx' flag is provided.
src/pages/immobilier/LocataireDetailPage.tsx(142,33): error TS17004: Cannot use JSX unless the '--jsx' flag is provided.
src/pages/immobilier/LocataireDetailPage.tsx(143,37): error TS17004: Cannot use JSX unless the '--jsx' flag is provided.
src/pages/immobilier/LocataireDetailPage.tsx(144,41): error TS17004: Cannot use JSX unless the '--jsx' flag is provided.
src/pages/immobilier/LocataireDetailPage.tsx(145,41): error TS17004: Cannot use JSX unless the '--jsx' flag is provided.
src/pages/immobilier/LocataireDetailPage.tsx(147,37): error TS17004: Cannot use JSX unless the '--jsx' flag is provided.
src/pages/immobilier/LocataireDetailPage.tsx(150,33): error TS17004: Cannot use JSX unless the '--jsx' flag is provided.
src/pages/immobilier/LocataireDetailPage.tsx(151,37): error TS17004: Cannot use JSX unless the '--jsx' flag is provided.
src/pages/immobilier/LocataireDetailPage.tsx(152,41): error TS17004: Cannot use JSX unless the '--jsx' flag is provided.
src/pages/immobilier/LocataireDetailPage.tsx(153,41): error TS17004: Cannot use JSX unless the '--jsx' flag is provided.
src/pages/immobilier/LocataireDetailPage.tsx(155,37): error TS17004: Cannot use JSX unless the '--jsx' flag is provided.
src/pages/immobilier/LocataireDetailPage.tsx(158,33): error TS17004: Cannot use JSX unless the '--jsx' flag is provided.
src/pages/immobilier/LocataireDetailPage.tsx(159,37): error TS17004: Cannot use JSX unless the '--jsx' flag is provided.
src/pages/immobilier/LocataireDetailPage.tsx(160,41): error TS17004: Cannot use JSX unless the '--jsx' flag is provided.
src/pages/immobilier/LocataireDetailPage.tsx(161,41): error TS17004: Cannot use JSX unless the '--jsx' flag is provided.
src/pages/immobilier/LocataireDetailPage.tsx(163,37): error TS17004: Cannot use JSX unless the '--jsx' flag is provided.
src/pages/immobilier/LocataireDetailPage.tsx(164,63): error TS17004: Cannot use JSX unless the '--jsx' flag is provided.
src/pages/immobilier/LocataireDetailPage.tsx(167,33): error TS17004: Cannot use JSX unless the '--jsx' flag is provided.
src/pages/immobilier/LocataireDetailPage.tsx(168,37): error TS17004: Cannot use JSX unless the '--jsx' flag is provided.
src/pages/immobilier/LocataireDetailPage.tsx(169,41): error TS17004: Cannot use JSX unless the '--jsx' flag is provided.
src/pages/immobilier/LocataireDetailPage.tsx(170,41): error TS17004: Cannot use JSX unless the '--jsx' flag is provided.
src/pages/immobilier/LocataireDetailPage.tsx(172,37): error TS17004: Cannot use JSX unless the '--jsx' flag is provided.
src/pages/immobilier/LocataireDetailPage.tsx(175,71): error TS17004: Cannot use JSX unless the '--jsx' flag is provided.
src/pages/immobilier/LocataireDetailPage.tsx(178,33): error TS17004: Cannot use JSX unless the '--jsx' flag is provided.
src/pages/immobilier/LocataireDetailPage.tsx(179,37): error TS17004: Cannot use JSX unless the '--jsx' flag is provided.
src/pages/immobilier/LocataireDetailPage.tsx(180,41): error TS17004: Cannot use JSX unless the '--jsx' flag is provided.
src/pages/immobilier/LocataireDetailPage.tsx(181,41): error TS17004: Cannot use JSX unless the '--jsx' flag is provided.
src/pages/immobilier/LocataireDetailPage.tsx(183,37): error TS17004: Cannot use JSX unless the '--jsx' flag is provided.
src/pages/immobilier/LocataireDetailPage.tsx(190,33): error TS17004: Cannot use JSX unless the '--jsx' flag is provided.
src/pages/immobilier/LocataireDetailPage.tsx(191,37): error TS17004: Cannot use JSX unless the '--jsx' flag is provided.
src/pages/immobilier/LocataireDetailPage.tsx(192,37): error TS17004: Cannot use JSX unless the '--jsx' flag is provided.
src/pages/immobilier/LocataireDetailPage.tsx(199,21): error TS17004: Cannot use JSX unless the '--jsx' flag is provided.
src/pages/immobilier/LocataireDetailPage.tsx(200,25): error TS17004: Cannot use JSX unless the '--jsx' flag is provided.
src/pages/immobilier/LocataireDetailPage.tsx(201,29): error TS17004: Cannot use JSX unless the '--jsx' flag is provided.
src/pages/immobilier/LocataireDetailPage.tsx(202,33): error TS17004: Cannot use JSX unless the '--jsx' flag is provided.
src/pages/immobilier/LocataireDetailPage.tsx(203,33): error TS17004: Cannot use JSX unless the '--jsx' flag is provided.
src/pages/immobilier/LocataireDetailPage.tsx(206,29): error TS17004: Cannot use JSX unless the '--jsx' flag is provided.
src/pages/immobilier/LocataireDetailPage.tsx(208,37): error TS17004: Cannot use JSX unless the '--jsx' flag is provided.
src/pages/immobilier/LocataireDetailPage.tsx(210,45): error TS17004: Cannot use JSX unless the '--jsx' flag is provided.
src/pages/immobilier/LocataireDetailPage.tsx(211,49): error TS17004: Cannot use JSX unless the '--jsx' flag is provided.
src/pages/immobilier/LocataireDetailPage.tsx(212,49): error TS17004: Cannot use JSX unless the '--jsx' flag is provided.
src/pages/immobilier/LocataireDetailPage.tsx(213,53): error TS17004: Cannot use JSX unless the '--jsx' flag is provided.
src/pages/immobilier/LocataireDetailPage.tsx(214,53): error TS17004: Cannot use JSX unless the '--jsx' flag is provided.
src/pages/immobilier/LocataireDetailPage.tsx(215,53): error TS17004: Cannot use JSX unless the '--jsx' flag is provided.
src/pages/immobilier/LocataireDetailPage.tsx(216,57): error TS17004: Cannot use JSX unless the '--jsx' flag is provided.
src/pages/immobilier/LocataireDetailPage.tsx(217,57): error TS17004: Cannot use JSX unless the '--jsx' flag is provided.
src/pages/immobilier/LocataireDetailPage.tsx(220,53): error TS17004: Cannot use JSX unless the '--jsx' flag is provided.
src/pages/immobilier/LocataireDetailPage.tsx(222,53): error TS17004: Cannot use JSX unless the '--jsx' flag is provided.
src/pages/immobilier/LocataireDetailPage.tsx(223,57): error TS17004: Cannot use JSX unless the '--jsx' flag is provided.
src/pages/immobilier/LocataireDetailPage.tsx(224,61): error TS17004: Cannot use JSX unless the '--jsx' flag is provided.
src/pages/immobilier/LocataireDetailPage.tsx(225,61): error TS17004: Cannot use JSX unless the '--jsx' flag is provided.
src/pages/immobilier/LocataireDetailPage.tsx(227,57): error TS17004: Cannot use JSX unless the '--jsx' flag is provided.
src/pages/immobilier/LocataireDetailPage.tsx(236,37): error TS17004: Cannot use JSX unless the '--jsx' flag is provided.
src/pages/immobilier/LocataireDetailPage.tsx(237,41): error TS17004: Cannot use JSX unless the '--jsx' flag is provided.
src/pages/immobilier/LocataireDetailPage.tsx(238,41): error TS17004: Cannot use JSX unless the '--jsx' flag is provided.
src/pages/immobilier/LocataireDetailPage.tsx(239,41): error TS17004: Cannot use JSX unless the '--jsx' flag is provided.
src/pages/immobilier/LocataireDetailPage.tsx(248,17): error TS17004: Cannot use JSX unless the '--jsx' flag is provided.
src/pages/immobilier/LocataireDetailPage.tsx(249,21): error TS17004: Cannot use JSX unless the '--jsx' flag is provided.
src/pages/immobilier/LocataireDetailPage.tsx(250,25): error TS17004: Cannot use JSX unless the '--jsx' flag is provided.
src/pages/immobilier/LocataireDetailPage.tsx(251,29): error TS17004: Cannot use JSX unless the '--jsx' flag is provided.
src/pages/immobilier/LocataireDetailPage.tsx(252,33): error TS17004: Cannot use JSX unless the '--jsx' flag is provided.
src/pages/immobilier/LocataireDetailPage.tsx(253,37): error TS17004: Cannot use JSX unless the '--jsx' flag is provided.
src/pages/immobilier/LocataireDetailPage.tsx(255,33): error TS17004: Cannot use JSX unless the '--jsx' flag is provided.
src/pages/immobilier/LocataireDetailPage.tsx(256,37): error TS17004: Cannot use JSX unless the '--jsx' flag is provided.
src/pages/immobilier/LocataireDetailPage.tsx(261,25): error TS17004: Cannot use JSX unless the '--jsx' flag is provided.
src/pages/immobilier/LocataireDetailPage.tsx(262,29): error TS17004: Cannot use JSX unless the '--jsx' flag is provided.
src/pages/immobilier/LocataireDetailPage.tsx(265,25): error TS17004: Cannot use JSX unless the '--jsx' flag is provided.
src/pages/immobilier/LocataireDetailPage.tsx(266,29): error TS17004: Cannot use JSX unless the '--jsx' flag is provided.
src/pages/immobilier/LocataireDetailPage.tsx(267,33): error TS17004: Cannot use JSX unless the '--jsx' flag is provided.
src/pages/immobilier/LocataireDetailPage.tsx(268,37): error TS17004: Cannot use JSX unless the '--jsx' flag is provided.
src/pages/immobilier/LocataireDetailPage.tsx(287,17): error TS17004: Cannot use JSX unless the '--jsx' flag is provided.
